
   FAIL  Tests\Feature\IdentityAndAuditFieldsTest
  Γ¿» client can be created with identity fields           12.73s  
  - identity number must be unique per identity type ΓåÆ DΓÇª 0.06s  
  Γ¿» client audit fields track creation user               0.12s  
  Γ¿» client audit fields track update user                 0.07s  
  Γ¿» client can be soft deleted                            0.11s  
  Γ¿» booking can store identity fields                     0.18s  
  Γ¿» booking audit fields track creation and update users  0.14s  
  Γ£ô maid can be soft deleted                              0.11s  
  Γ£ô maid contract calculates worked days                  0.06s  
  Γ£ô maid contract calculates pending days                 0.10s  
  Γ¿» deployment tracks financial fields                    0.07s  
  Γ£ô deployment can be soft deleted                        0.08s  
  Γ¿» maid relationship to contracts works                  0.10s  
  - identity type must be valid enum value ΓåÆ Enum validaΓÇª 0.07s  
  Γ¿» client with soft delete can be restored               0.07s  
  ΓöÇΓöÇΓöÇΓöÇΓöÇΓöÇΓöÇΓöÇΓöÇΓöÇΓöÇΓöÇΓöÇΓöÇΓöÇΓöÇΓöÇΓöÇΓöÇΓöÇΓöÇΓöÇΓöÇΓöÇΓöÇΓöÇΓöÇΓöÇΓöÇΓöÇΓöÇΓöÇΓöÇΓöÇΓöÇΓöÇΓöÇΓöÇΓöÇΓöÇΓöÇΓöÇΓöÇΓöÇΓöÇΓöÇΓöÇΓöÇΓöÇΓöÇΓöÇΓöÇΓöÇΓöÇΓöÇΓöÇΓöÇΓöÇΓöÇΓöÇΓöÇ  
   FAILED  Tests\Feature\IdentityAndAuditFielΓÇª  QueryException   
  SQLSTATE[HY000]: General error: 1364 Field 'address' doesn't have a default value (Connection: mysql, SQL: insert into `clients` (`user_id`, `contact_person`, `phone`, `identity_type`, `identity_number`, `created_by`, `updated_at`, `created_at`) values (1, John Doe, 256701234567, nin, CM1234567890, 1, 2026-02-04 05:14:04, 2026-02-04 05:14:04))

  at vendor\laravel\framework\src\Illuminate\Database\MySqlConnection.php:53
     49Γûò             $this->bindValues($statement, $this->prepareBindings($bindings));
     50Γûò 
     51Γûò             $this->recordsHaveBeenModified();
     52Γûò 
  Γ₧£  53Γûò             $result = $statement->execute();
     54Γûò 
     55Γûò             $this->lastInsertId = $this->getPdo()->lastInsertId($sequence);
     56Γûò 
     57Γûò             return $result;

  1   vendor\laravel\framework\src\Illuminate\Database\MySqlConnection.php:53
  2   vendor\laravel\framework\src\Illuminate\Database\Connection.php:811

  ΓöÇΓöÇΓöÇΓöÇΓöÇΓöÇΓöÇΓöÇΓöÇΓöÇΓöÇΓöÇΓöÇΓöÇΓöÇΓöÇΓöÇΓöÇΓöÇΓöÇΓöÇΓöÇΓöÇΓöÇΓöÇΓöÇΓöÇΓöÇΓöÇΓöÇΓöÇΓöÇΓöÇΓöÇΓöÇΓöÇΓöÇΓöÇΓöÇΓöÇΓöÇΓöÇΓöÇΓöÇΓöÇΓöÇΓöÇΓöÇΓöÇΓöÇΓöÇΓöÇΓöÇΓöÇΓöÇΓöÇΓöÇΓöÇΓöÇΓöÇΓöÇ  
   FAILED  Tests\Feature\IdentityAndAuditFielΓÇª  QueryException   
  SQLSTATE[HY000]: General error: 1364 Field 'address' doesn't have a default value (Connection: mysql, SQL: insert into `clients` (`user_id`, `contact_person`, `phone`, `created_by`, `updated_at`, `created_at`) values (2, John Doe, 256701234567, 2, 2026-02-04 05:14:04, 2026-02-04 05:14:04))

  at vendor\laravel\framework\src\Illuminate\Database\MySqlConnection.php:53
     49Γûò             $this->bindValues($statement, $this->prepareBindings($bindings));
     50Γûò 
     51Γûò             $this->recordsHaveBeenModified();
     52Γûò 
  Γ₧£  53Γûò             $result = $statement->execute();
     54Γûò 
     55Γûò             $this->lastInsertId = $this->getPdo()->lastInsertId($sequence);
     56Γûò 
     57Γûò             return $result;

  1   vendor\laravel\framework\src\Illuminate\Database\MySqlConnection.php:53
  2   vendor\laravel\framework\src\Illuminate\Database\Connection.php:811

  ΓöÇΓöÇΓöÇΓöÇΓöÇΓöÇΓöÇΓöÇΓöÇΓöÇΓöÇΓöÇΓöÇΓöÇΓöÇΓöÇΓöÇΓöÇΓöÇΓöÇΓöÇΓöÇΓöÇΓöÇΓöÇΓöÇΓöÇΓöÇΓöÇΓöÇΓöÇΓöÇΓöÇΓöÇΓöÇΓöÇΓöÇΓöÇΓöÇΓöÇΓöÇΓöÇΓöÇΓöÇΓöÇΓöÇΓöÇΓöÇΓöÇΓöÇΓöÇΓöÇΓöÇΓöÇΓöÇΓöÇΓöÇΓöÇΓöÇΓöÇΓöÇ  
   FAILED  Tests\Feature\IdentityAndAuditFielΓÇª  QueryException   
  SQLSTATE[HY000]: General error: 1364 Field 'address' doesn't have a default value (Connection: mysql, SQL: insert into `clients` (`user_id`, `contact_person`, `phone`, `created_by`, `updated_at`, `created_at`) values (3, John Doe, 256701234567, 3, 2026-02-04 05:14:04, 2026-02-04 05:14:04))

  at vendor\laravel\framework\src\Illuminate\Database\MySqlConnection.php:53
     49Γûò             $this->bindValues($statement, $this->prepareBindings($bindings));
     50Γûò 
     51Γûò             $this->recordsHaveBeenModified();
     52Γûò 
  Γ₧£  53Γûò             $result = $statement->execute();
     54Γûò 
     55Γûò             $this->lastInsertId = $this->getPdo()->lastInsertId($sequence);
     56Γûò 
     57Γûò             return $result;

  1   vendor\laravel\framework\src\Illuminate\Database\MySqlConnection.php:53
  2   vendor\laravel\framework\src\Illuminate\Database\Connection.php:811

  ΓöÇΓöÇΓöÇΓöÇΓöÇΓöÇΓöÇΓöÇΓöÇΓöÇΓöÇΓöÇΓöÇΓöÇΓöÇΓöÇΓöÇΓöÇΓöÇΓöÇΓöÇΓöÇΓöÇΓöÇΓöÇΓöÇΓöÇΓöÇΓöÇΓöÇΓöÇΓöÇΓöÇΓöÇΓöÇΓöÇΓöÇΓöÇΓöÇΓöÇΓöÇΓöÇΓöÇΓöÇΓöÇΓöÇΓöÇΓöÇΓöÇΓöÇΓöÇΓöÇΓöÇΓöÇΓöÇΓöÇΓöÇΓöÇΓöÇΓöÇΓöÇ  
   FAILED  Tests\Feature\IdentityAndAuditFielΓÇª  QueryException   
  SQLSTATE[HY000]: General error: 1364 Field 'address' doesn't have a default value (Connection: mysql, SQL: insert into `clients` (`user_id`, `contact_person`, `phone`, `created_by`, `updated_at`, `created_at`) values (5, John Doe, 256701234567, 5, 2026-02-04 05:14:04, 2026-02-04 05:14:04))

  at vendor\laravel\framework\src\Illuminate\Database\MySqlConnection.php:53
     49Γûò             $this->bindValues($statement, $this->prepareBindings($bindings));
     50Γûò 
     51Γûò             $this->recordsHaveBeenModified();
     52Γûò 
  Γ₧£  53Γûò             $result = $statement->execute();
     54Γûò 
     55Γûò             $this->lastInsertId = $this->getPdo()->lastInsertId($sequence);
     56Γûò 
     57Γûò             return $result;

  1   vendor\laravel\framework\src\Illuminate\Database\MySqlConnection.php:53
  2   vendor\laravel\framework\src\Illuminate\Database\Connection.php:811

  ΓöÇΓöÇΓöÇΓöÇΓöÇΓöÇΓöÇΓöÇΓöÇΓöÇΓöÇΓöÇΓöÇΓöÇΓöÇΓöÇΓöÇΓöÇΓöÇΓöÇΓöÇΓöÇΓöÇΓöÇΓöÇΓöÇΓöÇΓöÇΓöÇΓöÇΓöÇΓöÇΓöÇΓöÇΓöÇΓöÇΓöÇΓöÇΓöÇΓöÇΓöÇΓöÇΓöÇΓöÇΓöÇΓöÇΓöÇΓöÇΓöÇΓöÇΓöÇΓöÇΓöÇΓöÇΓöÇΓöÇΓöÇΓöÇΓöÇΓöÇΓöÇ  
   FAILED  Tests\Feature\IdentityAndAuditFielΓÇª  QueryException   
  SQLSTATE[HY000]: General error: 1364 Field 'start_date' doesn't have a default value (Connection: mysql, SQL: insert into `bookings` (`client_id`, `maid_id`, `identity_type`, `identity_number`, `created_by`, `updated_at`, `created_at`) values (1, 1, passport, PA123456789, 6, 2026-02-04 05:14:04, 2026-02-04 05:14:04))

  at vendor\laravel\framework\src\Illuminate\Database\MySqlConnection.php:53
     49Γûò             $this->bindValues($statement, $this->prepareBindings($bindings));
     50Γûò 
     51Γûò             $this->recordsHaveBeenModified();
     52Γûò 
  Γ₧£  53Γûò             $result = $statement->execute();
     54Γûò 
     55Γûò             $this->lastInsertId = $this->getPdo()->lastInsertId($sequence);
     56Γûò 
     57Γûò             return $result;

  1   vendor\laravel\framework\src\Illuminate\Database\MySqlConnection.php:53
  2   vendor\laravel\framework\src\Illuminate\Database\Connection.php:811

  ΓöÇΓöÇΓöÇΓöÇΓöÇΓöÇΓöÇΓöÇΓöÇΓöÇΓöÇΓöÇΓöÇΓöÇΓöÇΓöÇΓöÇΓöÇΓöÇΓöÇΓöÇΓöÇΓöÇΓöÇΓöÇΓöÇΓöÇΓöÇΓöÇΓöÇΓöÇΓöÇΓöÇΓöÇΓöÇΓöÇΓöÇΓöÇΓöÇΓöÇΓöÇΓöÇΓöÇΓöÇΓöÇΓöÇΓöÇΓöÇΓöÇΓöÇΓöÇΓöÇΓöÇΓöÇΓöÇΓöÇΓöÇΓöÇΓöÇΓöÇΓöÇ  
   FAILED  Tests\Feature\IdentityAndAuditFielΓÇª  QueryException   
  SQLSTATE[HY000]: General error: 1364 Field 'start_date' doesn't have a default value (Connection: mysql, SQL: insert into `bookings` (`client_id`, `maid_id`, `created_by`, `updated_at`, `created_at`) values (2, 2, 8, 2026-02-04 05:14:04, 2026-02-04 05:14:04))

  at vendor\laravel\framework\src\Illuminate\Database\MySqlConnection.php:53
     49Γûò             $this->bindValues($statement, $this->prepareBindings($bindings));
     50Γûò 
     51Γûò             $this->recordsHaveBeenModified();
     52Γûò 
  Γ₧£  53Γûò             $result = $statement->execute();
     54Γûò 
     55Γûò             $this->lastInsertId = $this->getPdo()->lastInsertId($sequence);
     56Γûò 
     57Γûò             return $result;

  1   vendor\laravel\framework\src\Illuminate\Database\MySqlConnection.php:53
  2   vendor\laravel\framework\src\Illuminate\Database\Connection.php:811

  ΓöÇΓöÇΓöÇΓöÇΓöÇΓöÇΓöÇΓöÇΓöÇΓöÇΓöÇΓöÇΓöÇΓöÇΓöÇΓöÇΓöÇΓöÇΓöÇΓöÇΓöÇΓöÇΓöÇΓöÇΓöÇΓöÇΓöÇΓöÇΓöÇΓöÇΓöÇΓöÇΓöÇΓöÇΓöÇΓöÇΓöÇΓöÇΓöÇΓöÇΓöÇΓöÇΓöÇΓöÇΓöÇΓöÇΓöÇΓöÇΓöÇΓöÇΓöÇΓöÇΓöÇΓöÇΓöÇΓöÇΓöÇΓöÇΓöÇΓöÇΓöÇ  
   FAILED  Tests\Feature\IdentityAndAuditFielΓÇª  QueryException   
  SQLSTATE[HY000]: General error: 1364 Field 'deployment_location' doesn't have a default value (Connection: mysql, SQL: insert into `deployments` (`maid_id`, `client_id`, `deployment_date`, `maid_salary`, `client_payment`, `service_paid`, `payment_status`, `currency`, `created_by`, `updated_at`, `created_at`) values (6, 3, 2026-02-04 05:14:05, 500000, 800000, 0, pending, UGX, 12, 2026-02-04 05:14:05, 2026-02-04 05:14:05))

  at vendor\laravel\framework\src\Illuminate\Database\MySqlConnection.php:53
     49Γûò             $this->bindValues($statement, $this->prepareBindings($bindings));
     50Γûò 
     51Γûò             $this->recordsHaveBeenModified();
     52Γûò 
  Γ₧£  53Γûò             $result = $statement->execute();
     54Γûò 
     55Γûò             $this->lastInsertId = $this->getPdo()->lastInsertId($sequence);
     56Γûò 
     57Γûò             return $result;

  1   vendor\laravel\framework\src\Illuminate\Database\MySqlConnection.php:53
  2   vendor\laravel\framework\src\Illuminate\Database\Connection.php:811

  ΓöÇΓöÇΓöÇΓöÇΓöÇΓöÇΓöÇΓöÇΓöÇΓöÇΓöÇΓöÇΓöÇΓöÇΓöÇΓöÇΓöÇΓöÇΓöÇΓöÇΓöÇΓöÇΓöÇΓöÇΓöÇΓöÇΓöÇΓöÇΓöÇΓöÇΓöÇΓöÇΓöÇΓöÇΓöÇΓöÇΓöÇΓöÇΓöÇΓöÇΓöÇΓöÇΓöÇΓöÇΓöÇΓöÇΓöÇΓöÇΓöÇΓöÇΓöÇΓöÇΓöÇΓöÇΓöÇΓöÇΓöÇΓöÇΓöÇΓöÇΓöÇ  
   FAILED  Tests\Feature\IdentityAndAuditFieldsTest >ΓÇª   Error   
  Class "Database\Factories\MaidContractFactory" not found

  at vendor\laravel\framework\src\Illuminate\Database\Eloquent\Factories\Factory.php:919
    915Γûò     public static function factoryForModel(string $modelName)
    916Γûò     {
    917Γûò         $factory = static::resolveFactoryName($modelName);
    918Γûò 
  Γ₧£ 919Γûò         return $factory::new();
    920Γûò     }
    921Γûò 
    922Γûò     /**
    923Γûò      * Specify the callback that should be invoked to guess factory names based on dynamic relationship names.

  1   vendor\laravel\framework\src\Illuminate\Database\Eloquent\Factories\Factory.php:919
  2   vendor\laravel\framework\src\Illuminate\Database\Eloquent\Factories\HasFactory.php:21

  ΓöÇΓöÇΓöÇΓöÇΓöÇΓöÇΓöÇΓöÇΓöÇΓöÇΓöÇΓöÇΓöÇΓöÇΓöÇΓöÇΓöÇΓöÇΓöÇΓöÇΓöÇΓöÇΓöÇΓöÇΓöÇΓöÇΓöÇΓöÇΓöÇΓöÇΓöÇΓöÇΓöÇΓöÇΓöÇΓöÇΓöÇΓöÇΓöÇΓöÇΓöÇΓöÇΓöÇΓöÇΓöÇΓöÇΓöÇΓöÇΓöÇΓöÇΓöÇΓöÇΓöÇΓöÇΓöÇΓöÇΓöÇΓöÇΓöÇΓöÇΓöÇ  
   FAILED  Tests\Feature\IdentityAndAuditFielΓÇª  QueryException   
  SQLSTATE[HY000]: General error: 1364 Field 'address' doesn't have a default value (Connection: mysql, SQL: insert into `clients` (`user_id`, `contact_person`, `phone`, `created_by`, `updated_at`, `created_at`) values (14, John Doe, 256701234567, 14, 2026-02-04 05:14:05, 2026-02-04 05:14:05))

  at vendor\laravel\framework\src\Illuminate\Database\MySqlConnection.php:53
     49Γûò             $this->bindValues($statement, $this->prepareBindings($bindings));
     50Γûò 
     51Γûò             $this->recordsHaveBeenModified();
     52Γûò 
  Γ₧£  53Γûò             $result = $statement->execute();
     54Γûò 
     55Γûò             $this->lastInsertId = $this->getPdo()->lastInsertId($sequence);
     56Γûò 
     57Γûò             return $result;

  1   vendor\laravel\framework\src\Illuminate\Database\MySqlConnection.php:53
  2   vendor\laravel\framework\src\Illuminate\Database\Connection.php:811


  Tests:    9 failed, 2 skipped, 4 passed (10 assertions)
  Duration: 14.66s

